2026/08/10 16:13:37 ❌ Error conectando a la base de datos: pq: password authentication failed for user "postgres" (28P01)
2026/08/19 16:55:23 ✅ Conexión exitosa a la base de datos PostgreSQL
2026/08/19 16:55:23 🚀 Servidor corriendo en http://localhost:8590
2026/08/20 20:22:20 ❌ Error conectando a la base de datos: dial tcp 127.0.0.1:5432: connect: connection refused
2026/08/20 20:26:56 ✅ Conexión exitosa a la base de datos PostgreSQL
2026/08/20 20:26:56 🚀 Servidor corriendo en http://localhost:8590
2026/08/20 20:45:47 ✅ Conexión exitosa a la base de datos PostgreSQL
2026/08/20 20:45:47 🚀 Servidor corriendo en http://localhost:8590
2026/08/25 10:09:42 ❌ Error conectando a la base de datos: dial tcp 127.0.0.1:5432: connect: connection refused
2026/08/25 10:15:56 ❌ Error conectando a la base de datos: dial tcp 127.0.0.1:5432: connect: connection refused
2026/08/25 10:18:48 ❌ Error conectando a la base de datos: dial tcp 127.0.0.1:5432: connect: connection refused
2026/08/25 10:24:25 ✅ Conexión exitosa a la base de datos PostgreSQL
2026/08/25 10:24:25 🚀 Servidor corriendo en http://localhost:8590
2026/08/25 10:45:26 ✅ Conexión exitosa a la base de datos PostgreSQL
2026/08/25 10:45:26 🚀 Servidor corriendo en http://localhost:8590
2026/08/25 10:50:15 ✅ Conexión exitosa a la base de datos PostgreSQL
2026/08/25 10:50:15 🚀 Servidor corriendo en http://localhost:8590
2026/08/25 11:13:00 ✅ Conexión exitosa a la base de datos PostgreSQL
2026/08/25 11:13:00 🚀 Servidor corriendo en http://localhost:8590
2026/08/25 11:13:00 Fallo al arrancar el servidor: listen tcp :8090: bind: address already in use
2026/08/25 11:13:33 ✅ Conexión exitosa a la base de datos PostgreSQL
2026/08/25 11:13:33 🚀 Servidor corriendo en http://localhost:8590
2026/08/25 12:30:59 ❌ Error conectando a la base de datos: dial tcp 127.0.0.1:5433: connect: connection refused
2026/08/25 12:31:36 ❌ Error conectando a la base de datos: dial tcp 127.0.0.1:5433: connect: connection refused
2026/08/25 12:32:19 ❌ Error conectando a la base de datos: dial tcp 127.0.0.1:5433: connect: connection refused
2026/08/25 12:34:38 ✅ Conexión exitosa a la base de datos PostgreSQL
2026/08/25 12:34:38 🚀 Servidor corriendo en http://localhost:8590
2026/08/25 12:49:30 ✅ Conexión exitosa a la base de datos PostgreSQL
2026/08/25 12:49:30 🚀 Servidor corriendo en http://localhost:8590
2026/08/25 12:56:14 ✅ Conexión exitosa a la base de datos PostgreSQL
2026/08/25 12:56:14 🚀 Servidor corriendo en http://localhost:8590
2026/08/25 13:17:04 ✅ Conexión exitosa a la base de datos PostgreSQL
2026/08/25 13:17:04 🚀 Servidor corriendo en http://localhost:8590
2026/08/25 13:23:47 ✅ Conexión exitosa a la base de datos PostgreSQL
2026/08/25 13:23:47 🚀 Servidor corriendo en http://localhost:8590
2026/08/26 09:55:41 ✅ Conexión exitosa a la base de datos PostgreSQL
2026/08/26 09:55:41 🚀 Servidor corriendo en http://localhost:8590
2026/08/26 12:50:49 ✅ Conexión exitosa a la base de datos PostgreSQL
2026/08/26 12:50:49 🚀 Servidor corriendo en http://localhost:8590
2026/08/26 17:33:14 ✅ Conexión exitosa a la base de datos PostgreSQL
2026/08/26 17:33:14 🚀 Servidor corriendo en http://localhost:8590
2026/08/26 17:35:21 ✅ Conexión exitosa a la base de datos PostgreSQL
2026/08/26 17:35:21 🚀 Servidor corriendo en http://localhost:8590
2026/08/26 17:48:07 ✅ Conexión exitosa a la base de datos PostgreSQL
2026/08/26 17:48:07 🚀 Servidor corriendo en http://localhost:8590
2026/08/26 17:56:58 ✅ Conexión exitosa a la base de datos PostgreSQL
2026/08/26 17:56:58 🚀 Servidor corriendo en http://localhost:8590
2026/08/26 18:11:40 ✅ Conexión exitosa a la base de datos PostgreSQL
2026/08/26 18:12:25 ✅ Conexión exitosa a la base de datos PostgreSQL
2026/08/26 18:51:38 ✅ Conexión exitosa a la base de datos PostgreSQL
2026/08/26 18:51:38 🚀 Servidor corriendo en http://localhost:8590
2026/08/26 19:27:48 ✅ Conexión exitosa a la base de datos PostgreSQL
2026/08/26 19:27:48 🚀 Sincronizador Offline iniciado en segundo plano...
2026/08/26 19:27:48 🚀 Servidor corriendo en http://localhost:8590
2026/08/26 19:27:58 ⚙️ Procesando 1 trabajos offline pendientes...
2026/08/26 19:27:58 ✅ Trabajo 92404e82-b730-4f78-9318-57442b470f6b procesado con éxito
2026/08/26 19:28:28 ⚙️ Procesando 1 trabajos offline pendientes...
2026/08/26 19:28:28 ✅ Trabajo ed622042-67fb-4388-a1ef-4964bb0d7915 procesado con éxito
2026/08/26 19:43:29 ✅ Conexión exitosa a la base de datos PostgreSQL
2026/08/26 19:43:29 🚀 Sincronizador Offline iniciado en segundo plano...
2026/08/26 19:43:29 🚀 Servidor corriendo en http://localhost:8590
2026/08/26 19:48:59 ✅ Conexión exitosa a la base de datos PostgreSQL
2026/08/26 19:48:59 🚀 Sincronizador Offline iniciado en segundo plano...
2026/08/26 19:48:59 🚀 Servidor corriendo en http://localhost:8590
2026/08/26 19:52:03 ✅ Conexión exitosa a la base de datos PostgreSQL
2026/08/26 19:52:03 🚀 Sincronizador Offline iniciado en segundo plano...
2026/08/26 19:52:03 🚀 Servidor corriendo en http://localhost:8590
2026/09/09 16:02:29 ❌ Error conectando a la base de datos: dial tcp 127.0.0.1:5433: connect: connection refused
2026/09/09 16:03:50 ❌ Error conectando a la base de datos: dial tcp 127.0.0.1:5433: connect: connection refused
2026/09/09 16:05:29 ✅ Conexión exitosa a la base de datos PostgreSQL
2026/09/09 16:05:29 🚀 Sincronizador Offline iniciado en segundo plano...
2026/09/09 16:05:29 🚀 Servidor corriendo en http://localhost:8590
2026/09/09 16:05:39 Error buscando trabajos pendientes: pq: relation "flix-360.sync_queue" does not exist at position 2:17 (42P01)
2026/09/09 16:05:49 Error buscando trabajos pendientes: pq: relation "flix-360.sync_queue" does not exist at position 2:17 (42P01)
2026/09/09 16:06:00 ✅ Conexión exitosa a la base de datos PostgreSQL
2026/09/09 16:06:00 🚀 Sincronizador Offline iniciado en segundo plano...
2026/09/09 16:06:00 🚀 Servidor corriendo en http://localhost:8590
2026/09/09 16:06:10 Error buscando trabajos pendientes: pq: relation "flix-360.sync_queue" does not exist at position 2:17 (42P01)
2026/09/09 16:06:20 Error buscando trabajos pendientes: pq: relation "flix-360.sync_queue" does not exist at position 2:17 (42P01)
2026/09/09 16:06:25 ✅ Conexión exitosa a la base de datos PostgreSQL
2026/09/09 16:06:25 🚀 Sincronizador Offline iniciado en segundo plano...
2026/09/09 16:06:25 🚀 Servidor corriendo en http://localhost:8590
2026/09/09 16:06:33 ✅ Conexión exitosa a la base de datos PostgreSQL
2026/09/09 16:06:33 🚀 Sincronizador Offline iniciado en segundo plano...
2026/09/09 16:06:33 🚀 Servidor corriendo en http://localhost:8590
2026/09/09 16:06:43 Error buscando trabajos pendientes: pq: relation "flix-360.sync_queue" does not exist at position 2:17 (42P01)
2026/09/09 16:06:53 Error buscando trabajos pendientes: pq: relation "flix-360.sync_queue" does not exist at position 2:17 (42P01)
2026/09/09 16:07:03 Error buscando trabajos pendientes: pq: relation "flix-360.sync_queue" does not exist at position 2:17 (42P01)
2026/09/09 16:07:13 Error buscando trabajos pendientes: pq: relation "flix-360.sync_queue" does not exist at position 2:17 (42P01)
2026/09/09 16:07:23 Error buscando trabajos pendientes: pq: relation "flix-360.sync_queue" does not exist at position 2:17 (42P01)
2026/09/09 16:07:33 Error buscando trabajos pendientes: pq: relation "flix-360.sync_queue" does not exist at position 2:17 (42P01)
2026/09/09 16:07:43 Error buscando trabajos pendientes: pq: relation "flix-360.sync_queue" does not exist at position 2:17 (42P01)
2026/09/09 16:07:53 Error buscando trabajos pendientes: pq: relation "flix-360.sync_queue" does not exist at position 2:17 (42P01)
2026/09/09 16:08:03 Error buscando trabajos pendientes: pq: relation "flix-360.sync_queue" does not exist at position 2:17 (42P01)
2026/09/09 16:08:13 Error buscando trabajos pendientes: pq: relation "flix-360.sync_queue" does not exist at position 2:17 (42P01)
2026/09/09 16:08:23 Error buscando trabajos pendientes: pq: relation "flix-360.sync_queue" does not exist at position 2:17 (42P01)
2026/09/09 16:08:33 Error buscando trabajos pendientes: pq: relation "flix-360.sync_queue" does not exist at position 2:17 (42P01)
2026/09/09 16:08:43 Error buscando trabajos pendientes: pq: relation "flix-360.sync_queue" does not exist at position 2:17 (42P01)
2026/09/09 16:08:53 Error buscando trabajos pendientes: pq: relation "flix-360.sync_queue" does not exist at position 2:17 (42P01)
2026/09/09 16:09:03 Error buscando trabajos pendientes: pq: relation "flix-360.sync_queue" does not exist at position 2:17 (42P01)
2026/09/09 16:09:13 Error buscando trabajos pendientes: pq: relation "flix-360.sync_queue" does not exist at position 2:17 (42P01)
2026/09/09 16:09:23 Error buscando trabajos pendientes: pq: relation "flix-360.sync_queue" does not exist at position 2:17 (42P01)
2026/09/09 16:09:33 Error buscando trabajos pendientes: pq: relation "flix-360.sync_queue" does not exist at position 2:17 (42P01)
2026/09/09 16:09:43 Error buscando trabajos pendientes: pq: relation "flix-360.sync_queue" does not exist at position 2:17 (42P01)
2026/09/09 16:09:53 Error buscando trabajos pendientes: pq: relation "flix-360.sync_queue" does not exist at position 2:17 (42P01)
2026/09/09 16:10:03 Error buscando trabajos pendientes: pq: relation "flix-360.sync_queue" does not exist at position 2:17 (42P01)
2026/09/09 16:10:13 Error buscando trabajos pendientes: pq: relation "flix-360.sync_queue" does not exist at position 2:17 (42P01)
2026/09/09 16:10:23 Error buscando trabajos pendientes: pq: relation "flix-360.sync_queue" does not exist at position 2:17 (42P01)
2026/09/09 16:10:33 Error buscando trabajos pendientes: pq: relation "flix-360.sync_queue" does not exist at position 2:17 (42P01)
2026/09/09 16:10:43 Error buscando trabajos pendientes: pq: relation "flix-360.sync_queue" does not exist at position 2:17 (42P01)
2026/09/09 16:10:53 Error buscando trabajos pendientes: pq: relation "flix-360.sync_queue" does not exist at position 2:17 (42P01)
2026/09/09 16:11:03 Error buscando trabajos pendientes: pq: relation "flix-360.sync_queue" does not exist at position 2:17 (42P01)
2026/09/09 16:11:13 Error buscando trabajos pendientes: pq: relation "flix-360.sync_queue" does not exist at position 2:17 (42P01)
2026/09/09 16:11:23 Error buscando trabajos pendientes: pq: relation "flix-360.sync_queue" does not exist at position 2:17 (42P01)
2026/09/09 16:11:33 Error buscando trabajos pendientes: pq: relation "flix-360.sync_queue" does not exist at position 2:17 (42P01)
2026/09/09 16:11:43 Error buscando trabajos pendientes: pq: relation "flix-360.sync_queue" does not exist at position 2:17 (42P01)
2026/09/09 16:11:53 Error buscando trabajos pendientes: pq: relation "flix-360.sync_queue" does not exist at position 2:17 (42P01)
2026/09/09 16:12:03 Error buscando trabajos pendientes: pq: relation "flix-360.sync_queue" does not exist at position 2:17 (42P01)
2026/09/09 16:12:13 Error buscando trabajos pendientes: pq: relation "flix-360.sync_queue" does not exist at position 2:17 (42P01)
2026/09/09 16:12:23 Error buscando trabajos pendientes: pq: relation "flix-360.sync_queue" does not exist at position 2:17 (42P01)
2026/09/09 16:12:33 Error buscando trabajos pendientes: pq: relation "flix-360.sync_queue" does not exist at position 2:17 (42P01)
2026/09/09 16:12:43 Error buscando trabajos pendientes: pq: relation "flix-360.sync_queue" does not exist at position 2:17 (42P01)
2026/09/09 16:12:53 Error buscando trabajos pendientes: pq: relation "flix-360.sync_queue" does not exist at position 2:17 (42P01)
2026/09/09 16:13:03 Error buscando trabajos pendientes: pq: relation "flix-360.sync_queue" does not exist at position 2:17 (42P01)
2026/09/09 16:13:13 Error buscando trabajos pendientes: pq: relation "flix-360.sync_queue" does not exist at position 2:17 (42P01)
2026/09/09 16:13:23 Error buscando trabajos pendientes: pq: relation "flix-360.sync_queue" does not exist at position 2:17 (42P01)
2026/09/09 16:13:33 Error buscando trabajos pendientes: pq: relation "flix-360.sync_queue" does not exist at position 2:17 (42P01)
2026/09/09 16:13:43 Error buscando trabajos pendientes: pq: relation "flix-360.sync_queue" does not exist at position 2:17 (42P01)
2026/09/09 16:13:53 Error buscando trabajos pendientes: pq: relation "flix-360.sync_queue" does not exist at position 2:17 (42P01)
2026/09/09 16:14:03 Error buscando trabajos pendientes: pq: relation "flix-360.sync_queue" does not exist at position 2:17 (42P01)
2026/09/09 16:14:13 Error buscando trabajos pendientes: pq: relation "flix-360.sync_queue" does not exist at position 2:17 (42P01)
2026/09/09 16:14:23 Error buscando trabajos pendientes: pq: relation "flix-360.sync_queue" does not exist at position 2:17 (42P01)
2026/09/09 16:14:33 Error buscando trabajos pendientes: pq: relation "flix-360.sync_queue" does not exist at position 2:17 (42P01)
2026/09/09 16:14:43 Error buscando trabajos pendientes: pq: relation "flix-360.sync_queue" does not exist at position 2:17 (42P01)
2026/09/09 16:14:53 Error buscando trabajos pendientes: pq: relation "flix-360.sync_queue" does not exist at position 2:17 (42P01)
2026/09/09 16:15:03 Error buscando trabajos pendientes: pq: relation "flix-360.sync_queue" does not exist at position 2:17 (42P01)
2026/09/09 16:15:13 Error buscando trabajos pendientes: pq: relation "flix-360.sync_queue" does not exist at position 2:17 (42P01)
2026/09/09 16:15:23 Error buscando trabajos pendientes: pq: relation "flix-360.sync_queue" does not exist at position 2:17 (42P01)
2026/09/09 16:15:33 Error buscando trabajos pendientes: pq: relation "flix-360.sync_queue" does not exist at position 2:17 (42P01)
2026/09/09 16:15:43 Error buscando trabajos pendientes: pq: relation "flix-360.sync_queue" does not exist at position 2:17 (42P01)
2026/09/09 16:15:53 Error buscando trabajos pendientes: pq: relation "flix-360.sync_queue" does not exist at position 2:17 (42P01)
2026/09/09 16:16:03 Error buscando trabajos pendientes: pq: relation "flix-360.sync_queue" does not exist at position 2:17 (42P01)
2026/09/09 16:16:13 Error buscando trabajos pendientes: pq: relation "flix-360.sync_queue" does not exist at position 2:17 (42P01)
2026/09/09 16:16:23 Error buscando trabajos pendientes: pq: relation "flix-360.sync_queue" does not exist at position 2:17 (42P01)
2026/09/09 16:16:33 Error buscando trabajos pendientes: pq: relation "flix-360.sync_queue" does not exist at position 2:17 (42P01)
2026/09/09 16:16:43 Error buscando trabajos pendientes: pq: relation "flix-360.sync_queue" does not exist at position 2:17 (42P01)
2026/09/09 16:16:53 Error buscando trabajos pendientes: pq: relation "flix-360.sync_queue" does not exist at position 2:17 (42P01)
2026/09/09 16:17:03 Error buscando trabajos pendientes: pq: relation "flix-360.sync_queue" does not exist at position 2:17 (42P01)
2026/09/09 16:17:13 Error buscando trabajos pendientes: pq: relation "flix-360.sync_queue" does not exist at position 2:17 (42P01)
2026/09/09 16:17:23 Error buscando trabajos pendientes: pq: relation "flix-360.sync_queue" does not exist at position 2:17 (42P01)
2026/09/09 16:17:33 Error buscando trabajos pendientes: pq: relation "flix-360.sync_queue" does not exist at position 2:17 (42P01)
2026/09/09 16:17:43 Error buscando trabajos pendientes: pq: relation "flix-360.sync_queue" does not exist at position 2:17 (42P01)
2026/09/09 16:17:53 Error buscando trabajos pendientes: pq: relation "flix-360.sync_queue" does not exist at position 2:17 (42P01)
2026/09/09 16:18:03 Error buscando trabajos pendientes: pq: relation "flix-360.sync_queue" does not exist at position 2:17 (42P01)
2026/09/09 16:18:13 Error buscando trabajos pendientes: pq: relation "flix-360.sync_queue" does not exist at position 2:17 (42P01)
2026/09/09 16:18:23 Error buscando trabajos pendientes: pq: relation "flix-360.sync_queue" does not exist at position 2:17 (42P01)
2026/09/09 16:18:33 Error buscando trabajos pendientes: pq: relation "flix-360.sync_queue" does not exist at position 2:17 (42P01)
2026/09/09 16:18:43 Error buscando trabajos pendientes: pq: relation "flix-360.sync_queue" does not exist at position 2:17 (42P01)
2026/09/09 16:18:53 Error buscando trabajos pendientes: pq: relation "flix-360.sync_queue" does not exist at position 2:17 (42P01)
2026/09/09 16:19:03 Error buscando trabajos pendientes: pq: relation "flix-360.sync_queue" does not exist at position 2:17 (42P01)
2026/09/09 16:19:13 Error buscando trabajos pendientes: pq: relation "flix-360.sync_queue" does not exist at position 2:17 (42P01)
2026/09/09 16:19:23 Error buscando trabajos pendientes: pq: relation "flix-360.sync_queue" does not exist at position 2:17 (42P01)
2026/09/09 16:19:33 Error buscando trabajos pendientes: pq: relation "flix-360.sync_queue" does not exist at position 2:17 (42P01)
2026/09/09 16:19:43 Error buscando trabajos pendientes: pq: relation "flix-360.sync_queue" does not exist at position 2:17 (42P01)
2026/09/09 16:19:53 Error buscando trabajos pendientes: pq: relation "flix-360.sync_queue" does not exist at position 2:17 (42P01)
2026/09/09 16:20:03 Error buscando trabajos pendientes: pq: relation "flix-360.sync_queue" does not exist at position 2:17 (42P01)
2026/09/09 16:20:13 Error buscando trabajos pendientes: pq: relation "flix-360.sync_queue" does not exist at position 2:17 (42P01)
2026/09/09 16:20:23 Error buscando trabajos pendientes: pq: relation "flix-360.sync_queue" does not exist at position 2:17 (42P01)
2026/09/09 16:20:33 Error buscando trabajos pendientes: pq: relation "flix-360.sync_queue" does not exist at position 2:17 (42P01)
2026/09/09 16:20:43 Error buscando trabajos pendientes: pq: relation "flix-360.sync_queue" does not exist at position 2:17 (42P01)
2026/09/09 16:20:53 Error buscando trabajos pendientes: pq: relation "flix-360.sync_queue" does not exist at position 2:17 (42P01)
2026/09/09 16:21:03 Error buscando trabajos pendientes: pq: relation "flix-360.sync_queue" does not exist at position 2:17 (42P01)
2026/09/09 16:21:13 Error buscando trabajos pendientes: pq: relation "flix-360.sync_queue" does not exist at position 2:17 (42P01)
2026/09/09 16:21:23 Error buscando trabajos pendientes: pq: relation "flix-360.sync_queue" does not exist at position 2:17 (42P01)
2026/09/09 16:21:33 Error buscando trabajos pendientes: pq: relation "flix-360.sync_queue" does not exist at position 2:17 (42P01)
2026/09/09 16:21:43 Error buscando trabajos pendientes: pq: relation "flix-360.sync_queue" does not exist at position 2:17 (42P01)
2026/09/09 16:21:53 Error buscando trabajos pendientes: pq: relation "flix-360.sync_queue" does not exist at position 2:17 (42P01)
2026/09/09 16:22:03 Error buscando trabajos pendientes: pq: relation "flix-360.sync_queue" does not exist at position 2:17 (42P01)
2026/09/09 16:22:13 Error buscando trabajos pendientes: pq: relation "flix-360.sync_queue" does not exist at position 2:17 (42P01)
2026/09/09 16:22:23 Error buscando trabajos pendientes: pq: relation "flix-360.sync_queue" does not exist at position 2:17 (42P01)
2026/09/09 16:22:33 Error buscando trabajos pendientes: pq: relation "flix-360.sync_queue" does not exist at position 2:17 (42P01)
2026/09/09 16:22:43 Error buscando trabajos pendientes: pq: relation "flix-360.sync_queue" does not exist at position 2:17 (42P01)
2026/09/09 16:22:53 Error buscando trabajos pendientes: pq: relation "flix-360.sync_queue" does not exist at position 2:17 (42P01)
2026/09/09 16:23:03 Error buscando trabajos pendientes: pq: relation "flix-360.sync_queue" does not exist at position 2:17 (42P01)
2026/09/09 16:23:13 Error buscando trabajos pendientes: pq: relation "flix-360.sync_queue" does not exist at position 2:17 (42P01)
2026/09/09 16:23:23 Error buscando trabajos pendientes: pq: relation "flix-360.sync_queue" does not exist at position 2:17 (42P01)
2026/09/09 16:23:33 Error buscando trabajos pendientes: pq: relation "flix-360.sync_queue" does not exist at position 2:17 (42P01)
2026/09/09 16:23:43 Error buscando trabajos pendientes: pq: relation "flix-360.sync_queue" does not exist at position 2:17 (42P01)
2026/09/09 16:23:53 Error buscando trabajos pendientes: pq: relation "flix-360.sync_queue" does not exist at position 2:17 (42P01)
2026/09/09 16:24:03 Error buscando trabajos pendientes: pq: relation "flix-360.sync_queue" does not exist at position 2:17 (42P01)
2026/09/09 16:24:13 Error buscando trabajos pendientes: pq: relation "flix-360.sync_queue" does not exist at position 2:17 (42P01)
2026/09/09 16:24:23 Error buscando trabajos pendientes: pq: relation "flix-360.sync_queue" does not exist at position 2:17 (42P01)
2026/09/09 16:24:33 Error buscando trabajos pendientes: pq: relation "flix-360.sync_queue" does not exist at position 2:17 (42P01)
2026/09/09 16:24:43 Error buscando trabajos pendientes: pq: relation "flix-360.sync_queue" does not exist at position 2:17 (42P01)
2026/09/09 16:24:53 Error buscando trabajos pendientes: pq: relation "flix-360.sync_queue" does not exist at position 2:17 (42P01)
2026/09/09 16:25:03 Error buscando trabajos pendientes: pq: relation "flix-360.sync_queue" does not exist at position 2:17 (42P01)
2026/09/09 16:25:13 Error buscando trabajos pendientes: pq: relation "flix-360.sync_queue" does not exist at position 2:17 (42P01)
2026/09/09 16:25:23 Error buscando trabajos pendientes: pq: relation "flix-360.sync_queue" does not exist at position 2:17 (42P01)
2026/09/09 16:25:33 Error buscando trabajos pendientes: pq: relation "flix-360.sync_queue" does not exist at position 2:17 (42P01)
2026/09/09 16:25:43 Error buscando trabajos pendientes: pq: relation "flix-360.sync_queue" does not exist at position 2:17 (42P01)
2026/09/09 16:25:53 Error buscando trabajos pendientes: pq: relation "flix-360.sync_queue" does not exist at position 2:17 (42P01)
2026/09/09 16:26:03 Error buscando trabajos pendientes: pq: relation "flix-360.sync_queue" does not exist at position 2:17 (42P01)
2026/09/09 16:26:13 Error buscando trabajos pendientes: pq: relation "flix-360.sync_queue" does not exist at position 2:17 (42P01)
2026/09/09 16:26:23 Error buscando trabajos pendientes: pq: relation "flix-360.sync_queue" does not exist at position 2:17 (42P01)
2026/09/09 16:26:33 Error buscando trabajos pendientes: pq: relation "flix-360.sync_queue" does not exist at position 2:17 (42P01)
2026/09/09 16:26:43 Error buscando trabajos pendientes: pq: relation "flix-360.sync_queue" does not exist at position 2:17 (42P01)
2026/09/09 16:26:53 Error buscando trabajos pendientes: pq: relation "flix-360.sync_queue" does not exist at position 2:17 (42P01)
2026/09/09 16:27:03 Error buscando trabajos pendientes: pq: relation "flix-360.sync_queue" does not exist at position 2:17 (42P01)
2026/09/09 16:27:13 Error buscando trabajos pendientes: pq: relation "flix-360.sync_queue" does not exist at position 2:17 (42P01)
2026/09/09 16:27:23 Error buscando trabajos pendientes: pq: relation "flix-360.sync_queue" does not exist at position 2:17 (42P01)
2026/09/09 16:27:33 Error buscando trabajos pendientes: pq: relation "flix-360.sync_queue" does not exist at position 2:17 (42P01)
2026/09/09 16:27:43 Error buscando trabajos pendientes: pq: relation "flix-360.sync_queue" does not exist at position 2:17 (42P01)
2026/09/09 16:27:53 Error buscando trabajos pendientes: pq: relation "flix-360.sync_queue" does not exist at position 2:17 (42P01)
2026/09/09 16:28:03 Error buscando trabajos pendientes: pq: relation "flix-360.sync_queue" does not exist at position 2:17 (42P01)
2026/09/09 16:28:13 Error buscando trabajos pendientes: pq: relation "flix-360.sync_queue" does not exist at position 2:17 (42P01)
2026/09/09 16:28:23 Error buscando trabajos pendientes: pq: relation "flix-360.sync_queue" does not exist at position 2:17 (42P01)
2026/09/09 16:28:33 Error buscando trabajos pendientes: pq: relation "flix-360.sync_queue" does not exist at position 2:17 (42P01)
2026/09/09 16:28:43 Error buscando trabajos pendientes: pq: relation "flix-360.sync_queue" does not exist at position 2:17 (42P01)
2026/09/09 16:28:53 Error buscando trabajos pendientes: pq: relation "flix-360.sync_queue" does not exist at position 2:17 (42P01)
2026/09/09 16:29:03 Error buscando trabajos pendientes: pq: relation "flix-360.sync_queue" does not exist at position 2:17 (42P01)
2026/09/09 16:29:13 Error buscando trabajos pendientes: pq: relation "flix-360.sync_queue" does not exist at position 2:17 (42P01)
2026/09/09 16:29:23 Error buscando trabajos pendientes: pq: relation "flix-360.sync_queue" does not exist at position 2:17 (42P01)
2026/09/09 16:29:33 Error buscando trabajos pendientes: pq: relation "flix-360.sync_queue" does not exist at position 2:17 (42P01)
2026/09/09 16:29:43 Error buscando trabajos pendientes: pq: relation "flix-360.sync_queue" does not exist at position 2:17 (42P01)
2026/09/09 16:29:53 Error buscando trabajos pendientes: pq: relation "flix-360.sync_queue" does not exist at position 2:17 (42P01)
2026/09/09 16:30:03 Error buscando trabajos pendientes: pq: relation "flix-360.sync_queue" does not exist at position 2:17 (42P01)
2026/09/09 16:30:13 Error buscando trabajos pendientes: pq: relation "flix-360.sync_queue" does not exist at position 2:17 (42P01)
2026/09/09 16:30:23 Error buscando trabajos pendientes: pq: relation "flix-360.sync_queue" does not exist at position 2:17 (42P01)
2026/09/09 16:30:33 Error buscando trabajos pendientes: pq: relation "flix-360.sync_queue" does not exist at position 2:17 (42P01)
2026/09/09 16:30:43 Error buscando trabajos pendientes: pq: relation "flix-360.sync_queue" does not exist at position 2:17 (42P01)
2026/09/09 16:30:53 Error buscando trabajos pendientes: pq: relation "flix-360.sync_queue" does not exist at position 2:17 (42P01)
2026/09/09 16:31:03 Error buscando trabajos pendientes: pq: relation "flix-360.sync_queue" does not exist at position 2:17 (42P01)
2026/09/09 16:31:13 Error buscando trabajos pendientes: pq: relation "flix-360.sync_queue" does not exist at position 2:17 (42P01)
2026/09/09 16:31:23 Error buscando trabajos pendientes: pq: relation "flix-360.sync_queue" does not exist at position 2:17 (42P01)
2026/09/09 16:31:33 Error buscando trabajos pendientes: pq: relation "flix-360.sync_queue" does not exist at position 2:17 (42P01)
2026/09/09 16:31:43 Error buscando trabajos pendientes: pq: relation "flix-360.sync_queue" does not exist at position 2:17 (42P01)
2026/09/09 16:31:53 Error buscando trabajos pendientes: pq: relation "flix-360.sync_queue" does not exist at position 2:17 (42P01)
2026/09/09 16:32:03 Error buscando trabajos pendientes: pq: relation "flix-360.sync_queue" does not exist at position 2:17 (42P01)
2026/09/09 16:32:13 Error buscando trabajos pendientes: pq: relation "flix-360.sync_queue" does not exist at position 2:17 (42P01)
2026/09/09 16:32:23 Error buscando trabajos pendientes: pq: relation "flix-360.sync_queue" does not exist at position 2:17 (42P01)
2026/09/09 16:32:33 Error buscando trabajos pendientes: pq: relation "flix-360.sync_queue" does not exist at position 2:17 (42P01)
2026/09/09 16:32:43 Error buscando trabajos pendientes: pq: relation "flix-360.sync_queue" does not exist at position 2:17 (42P01)
2026/09/09 16:32:53 Error buscando trabajos pendientes: pq: relation "flix-360.sync_queue" does not exist at position 2:17 (42P01)
2026/09/09 16:33:03 Error buscando trabajos pendientes: pq: relation "flix-360.sync_queue" does not exist at position 2:17 (42P01)
2026/09/09 16:33:13 Error buscando trabajos pendientes: pq: relation "flix-360.sync_queue" does not exist at position 2:17 (42P01)
2026/09/09 16:33:23 Error buscando trabajos pendientes: pq: relation "flix-360.sync_queue" does not exist at position 2:17 (42P01)
2026/09/09 16:33:33 Error buscando trabajos pendientes: pq: relation "flix-360.sync_queue" does not exist at position 2:17 (42P01)
2026/09/09 16:33:43 Error buscando trabajos pendientes: pq: relation "flix-360.sync_queue" does not exist at position 2:17 (42P01)
2026/09/09 16:33:53 Error buscando trabajos pendientes: pq: relation "flix-360.sync_queue" does not exist at position 2:17 (42P01)
2026/09/09 16:34:03 Error buscando trabajos pendientes: pq: relation "flix-360.sync_queue" does not exist at position 2:17 (42P01)
2026/09/09 16:34:13 Error buscando trabajos pendientes: pq: relation "flix-360.sync_queue" does not exist at position 2:17 (42P01)
2026/09/09 16:34:23 Error buscando trabajos pendientes: pq: relation "flix-360.sync_queue" does not exist at position 2:17 (42P01)
2026/09/09 16:34:33 Error buscando trabajos pendientes: pq: relation "flix-360.sync_queue" does not exist at position 2:17 (42P01)
2026/09/09 16:34:43 Error buscando trabajos pendientes: pq: relation "flix-360.sync_queue" does not exist at position 2:17 (42P01)
2026/09/09 16:34:53 Error buscando trabajos pendientes: pq: relation "flix-360.sync_queue" does not exist at position 2:17 (42P01)
2026/09/09 16:35:03 Error buscando trabajos pendientes: pq: relation "flix-360.sync_queue" does not exist at position 2:17 (42P01)
2026/09/09 16:35:13 Error buscando trabajos pendientes: pq: relation "flix-360.sync_queue" does not exist at position 2:17 (42P01)
2026/09/09 16:35:23 Error buscando trabajos pendientes: pq: relation "flix-360.sync_queue" does not exist at position 2:17 (42P01)
2026/09/09 16:35:33 Error buscando trabajos pendientes: pq: relation "flix-360.sync_queue" does not exist at position 2:17 (42P01)
2026/09/09 16:35:43 Error buscando trabajos pendientes: pq: relation "flix-360.sync_queue" does not exist at position 2:17 (42P01)
2026/09/09 16:35:53 Error buscando trabajos pendientes: pq: relation "flix-360.sync_queue" does not exist at position 2:17 (42P01)
2026/09/09 16:36:03 Error buscando trabajos pendientes: pq: relation "flix-360.sync_queue" does not exist at position 2:17 (42P01)
2026/09/09 16:36:13 Error buscando trabajos pendientes: pq: relation "flix-360.sync_queue" does not exist at position 2:17 (42P01)
2026/09/09 16:36:23 Error buscando trabajos pendientes: pq: relation "flix-360.sync_queue" does not exist at position 2:17 (42P01)
2026/09/09 16:36:33 Error buscando trabajos pendientes: pq: relation "flix-360.sync_queue" does not exist at position 2:17 (42P01)
2026/09/09 16:36:43 Error buscando trabajos pendientes: pq: relation "flix-360.sync_queue" does not exist at position 2:17 (42P01)
2026/09/09 16:36:53 Error buscando trabajos pendientes: pq: relation "flix-360.sync_queue" does not exist at position 2:17 (42P01)
2026/09/09 16:37:03 Error buscando trabajos pendientes: pq: relation "flix-360.sync_queue" does not exist at position 2:17 (42P01)
2026/09/09 16:37:13 Error buscando trabajos pendientes: pq: relation "flix-360.sync_queue" does not exist at position 2:17 (42P01)
2026/09/09 16:37:23 Error buscando trabajos pendientes: pq: relation "flix-360.sync_queue" does not exist at position 2:17 (42P01)
2026/09/09 16:37:33 Error buscando trabajos pendientes: pq: relation "flix-360.sync_queue" does not exist at position 2:17 (42P01)
2026/09/09 16:37:43 Error buscando trabajos pendientes: pq: relation "flix-360.sync_queue" does not exist at position 2:17 (42P01)
2026/09/09 16:37:53 Error buscando trabajos pendientes: pq: relation "flix-360.sync_queue" does not exist at position 2:17 (42P01)
2026/09/09 16:38:03 Error buscando trabajos pendientes: pq: relation "flix-360.sync_queue" does not exist at position 2:17 (42P01)
2026/09/09 16:38:13 Error buscando trabajos pendientes: pq: relation "flix-360.sync_queue" does not exist at position 2:17 (42P01)
2026/09/09 16:38:23 Error buscando trabajos pendientes: pq: relation "flix-360.sync_queue" does not exist at position 2:17 (42P01)
2026/09/09 16:38:33 Error buscando trabajos pendientes: pq: relation "flix-360.sync_queue" does not exist at position 2:17 (42P01)
2026/09/09 16:38:43 Error buscando trabajos pendientes: pq: relation "flix-360.sync_queue" does not exist at position 2:17 (42P01)
2026/09/09 16:38:53 Error buscando trabajos pendientes: pq: relation "flix-360.sync_queue" does not exist at position 2:17 (42P01)
2026/09/09 16:39:03 Error buscando trabajos pendientes: pq: relation "flix-360.sync_queue" does not exist at position 2:17 (42P01)
2026/09/09 16:39:13 Error buscando trabajos pendientes: pq: relation "flix-360.sync_queue" does not exist at position 2:17 (42P01)
2026/09/09 16:39:23 Error buscando trabajos pendientes: pq: relation "flix-360.sync_queue" does not exist at position 2:17 (42P01)
2026/09/09 16:39:33 Error buscando trabajos pendientes: pq: relation "flix-360.sync_queue" does not exist at position 2:17 (42P01)
2026/09/09 16:39:43 Error buscando trabajos pendientes: pq: relation "flix-360.sync_queue" does not exist at position 2:17 (42P01)
2026/09/09 16:39:53 Error buscando trabajos pendientes: pq: relation "flix-360.sync_queue" does not exist at position 2:17 (42P01)
2026/09/09 16:40:03 Error buscando trabajos pendientes: pq: relation "flix-360.sync_queue" does not exist at position 2:17 (42P01)
2026/09/09 16:40:13 Error buscando trabajos pendientes: pq: relation "flix-360.sync_queue" does not exist at position 2:17 (42P01)
2026/09/09 16:40:23 Error buscando trabajos pendientes: pq: relation "flix-360.sync_queue" does not exist at position 2:17 (42P01)
2026/09/09 16:40:33 Error buscando trabajos pendientes: pq: relation "flix-360.sync_queue" does not exist at position 2:17 (42P01)
2026/09/09 16:40:43 Error buscando trabajos pendientes: pq: relation "flix-360.sync_queue" does not exist at position 2:17 (42P01)
2026/09/09 16:40:53 Error buscando trabajos pendientes: pq: relation "flix-360.sync_queue" does not exist at position 2:17 (42P01)
2026/09/09 16:41:03 Error buscando trabajos pendientes: pq: relation "flix-360.sync_queue" does not exist at position 2:17 (42P01)
2026/09/09 16:41:13 Error buscando trabajos pendientes: pq: relation "flix-360.sync_queue" does not exist at position 2:17 (42P01)
2026/09/09 16:41:23 Error buscando trabajos pendientes: pq: relation "flix-360.sync_queue" does not exist at position 2:17 (42P01)
2026/09/09 16:41:33 Error buscando trabajos pendientes: pq: relation "flix-360.sync_queue" does not exist at position 2:17 (42P01)
2026/09/09 16:41:43 Error buscando trabajos pendientes: pq: relation "flix-360.sync_queue" does not exist at position 2:17 (42P01)
2026/09/09 16:41:53 Error buscando trabajos pendientes: pq: relation "flix-360.sync_queue" does not exist at position 2:17 (42P01)
2026/09/09 16:42:03 Error buscando trabajos pendientes: pq: relation "flix-360.sync_queue" does not exist at position 2:17 (42P01)
2026/09/09 16:42:13 Error buscando trabajos pendientes: pq: relation "flix-360.sync_queue" does not exist at position 2:17 (42P01)
2026/09/09 16:42:23 Error buscando trabajos pendientes: pq: relation "flix-360.sync_queue" does not exist at position 2:17 (42P01)
2026/09/09 16:42:33 Error buscando trabajos pendientes: pq: relation "flix-360.sync_queue" does not exist at position 2:17 (42P01)
2026/09/09 16:42:43 Error buscando trabajos pendientes: pq: relation "flix-360.sync_queue" does not exist at position 2:17 (42P01)
2026/09/09 16:42:53 Error buscando trabajos pendientes: pq: relation "flix-360.sync_queue" does not exist at position 2:17 (42P01)
2026/09/09 16:43:03 Error buscando trabajos pendientes: pq: relation "flix-360.sync_queue" does not exist at position 2:17 (42P01)
2026/09/09 16:43:13 Error buscando trabajos pendientes: pq: relation "flix-360.sync_queue" does not exist at position 2:17 (42P01)
2026/09/09 16:43:23 Error buscando trabajos pendientes: pq: relation "flix-360.sync_queue" does not exist at position 2:17 (42P01)
2026/09/09 16:43:33 Error buscando trabajos pendientes: pq: relation "flix-360.sync_queue" does not exist at position 2:17 (42P01)
2026/09/09 16:43:43 Error buscando trabajos pendientes: pq: relation "flix-360.sync_queue" does not exist at position 2:17 (42P01)
2026/09/09 16:43:53 Error buscando trabajos pendientes: pq: relation "flix-360.sync_queue" does not exist at position 2:17 (42P01)
2026/09/09 16:44:03 Error buscando trabajos pendientes: pq: relation "flix-360.sync_queue" does not exist at position 2:17 (42P01)
2026/09/09 16:44:13 Error buscando trabajos pendientes: pq: relation "flix-360.sync_queue" does not exist at position 2:17 (42P01)
2026/09/09 16:44:23 Error buscando trabajos pendientes: pq: relation "flix-360.sync_queue" does not exist at position 2:17 (42P01)
2026/09/09 16:44:33 Error buscando trabajos pendientes: pq: relation "flix-360.sync_queue" does not exist at position 2:17 (42P01)
2026/09/09 16:44:43 Error buscando trabajos pendientes: pq: relation "flix-360.sync_queue" does not exist at position 2:17 (42P01)
2026/09/09 16:44:53 Error buscando trabajos pendientes: pq: relation "flix-360.sync_queue" does not exist at position 2:17 (42P01)
2026/09/09 16:45:03 Error buscando trabajos pendientes: pq: relation "flix-360.sync_queue" does not exist at position 2:17 (42P01)
2026/09/09 16:45:13 Error buscando trabajos pendientes: pq: relation "flix-360.sync_queue" does not exist at position 2:17 (42P01)
2026/09/09 16:45:23 Error buscando trabajos pendientes: pq: relation "flix-360.sync_queue" does not exist at position 2:17 (42P01)
2026/09/09 16:45:33 Error buscando trabajos pendientes: pq: relation "flix-360.sync_queue" does not exist at position 2:17 (42P01)
2026/09/09 16:45:43 Error buscando trabajos pendientes: pq: relation "flix-360.sync_queue" does not exist at position 2:17 (42P01)
2026/09/09 16:45:53 Error buscando trabajos pendientes: pq: relation "flix-360.sync_queue" does not exist at position 2:17 (42P01)
2026/09/09 16:46:03 Error buscando trabajos pendientes: pq: relation "flix-360.sync_queue" does not exist at position 2:17 (42P01)
2026/09/09 16:46:13 Error buscando trabajos pendientes: pq: relation "flix-360.sync_queue" does not exist at position 2:17 (42P01)
2026/09/09 16:46:23 Error buscando trabajos pendientes: pq: relation "flix-360.sync_queue" does not exist at position 2:17 (42P01)
2026/09/09 16:46:33 Error buscando trabajos pendientes: pq: relation "flix-360.sync_queue" does not exist at position 2:17 (42P01)
2026/09/09 16:46:43 Error buscando trabajos pendientes: pq: relation "flix-360.sync_queue" does not exist at position 2:17 (42P01)
2026/09/09 16:46:53 Error buscando trabajos pendientes: pq: relation "flix-360.sync_queue" does not exist at position 2:17 (42P01)
2026/09/09 16:47:03 Error buscando trabajos pendientes: pq: relation "flix-360.sync_queue" does not exist at position 2:17 (42P01)
2026/09/09 16:47:13 Error buscando trabajos pendientes: pq: relation "flix-360.sync_queue" does not exist at position 2:17 (42P01)
2026/09/09 16:47:23 Error buscando trabajos pendientes: pq: relation "flix-360.sync_queue" does not exist at position 2:17 (42P01)
2026/09/09 16:47:33 Error buscando trabajos pendientes: pq: relation "flix-360.sync_queue" does not exist at position 2:17 (42P01)
2026/09/09 16:47:43 Error buscando trabajos pendientes: pq: relation "flix-360.sync_queue" does not exist at position 2:17 (42P01)
2026/09/09 16:47:53 Error buscando trabajos pendientes: pq: relation "flix-360.sync_queue" does not exist at position 2:17 (42P01)
2026/09/09 16:48:03 Error buscando trabajos pendientes: pq: relation "flix-360.sync_queue" does not exist at position 2:17 (42P01)
2026/09/09 16:48:13 Error buscando trabajos pendientes: pq: relation "flix-360.sync_queue" does not exist at position 2:17 (42P01)
2026/09/09 16:48:23 Error buscando trabajos pendientes: pq: relation "flix-360.sync_queue" does not exist at position 2:17 (42P01)
2026/09/09 16:48:33 Error buscando trabajos pendientes: pq: relation "flix-360.sync_queue" does not exist at position 2:17 (42P01)
2026/09/09 16:48:43 Error buscando trabajos pendientes: pq: relation "flix-360.sync_queue" does not exist at position 2:17 (42P01)
2026/09/09 16:48:53 Error buscando trabajos pendientes: pq: relation "flix-360.sync_queue" does not exist at position 2:17 (42P01)
2026/09/09 16:49:03 Error buscando trabajos pendientes: pq: relation "flix-360.sync_queue" does not exist at position 2:17 (42P01)
2026/09/09 16:49:13 Error buscando trabajos pendientes: pq: relation "flix-360.sync_queue" does not exist at position 2:17 (42P01)
2026/09/09 16:49:23 Error buscando trabajos pendientes: pq: relation "flix-360.sync_queue" does not exist at position 2:17 (42P01)
2026/09/09 16:49:33 Error buscando trabajos pendientes: pq: relation "flix-360.sync_queue" does not exist at position 2:17 (42P01)
2026/09/09 16:49:43 Error buscando trabajos pendientes: pq: relation "flix-360.sync_queue" does not exist at position 2:17 (42P01)
2026/09/09 16:49:53 Error buscando trabajos pendientes: pq: relation "flix-360.sync_queue" does not exist at position 2:17 (42P01)
2026/09/09 16:50:03 Error buscando trabajos pendientes: pq: relation "flix-360.sync_queue" does not exist at position 2:17 (42P01)
2026/09/09 16:50:13 Error buscando trabajos pendientes: pq: relation "flix-360.sync_queue" does not exist at position 2:17 (42P01)
2026/09/09 16:50:23 Error buscando trabajos pendientes: pq: relation "flix-360.sync_queue" does not exist at position 2:17 (42P01)
2026/09/09 16:50:33 Error buscando trabajos pendientes: pq: relation "flix-360.sync_queue" does not exist at position 2:17 (42P01)
2026/09/09 16:50:43 Error buscando trabajos pendientes: pq: relation "flix-360.sync_queue" does not exist at position 2:17 (42P01)
2026/09/09 16:50:53 Error buscando trabajos pendientes: pq: relation "flix-360.sync_queue" does not exist at position 2:17 (42P01)
2026/09/09 16:51:03 Error buscando trabajos pendientes: pq: relation "flix-360.sync_queue" does not exist at position 2:17 (42P01)
2026/09/09 16:51:13 Error buscando trabajos pendientes: pq: relation "flix-360.sync_queue" does not exist at position 2:17 (42P01)
2026/09/09 16:51:23 Error buscando trabajos pendientes: pq: relation "flix-360.sync_queue" does not exist at position 2:17 (42P01)
2026/09/09 16:51:33 Error buscando trabajos pendientes: pq: relation "flix-360.sync_queue" does not exist at position 2:17 (42P01)
2026/09/09 16:51:43 Error buscando trabajos pendientes: pq: relation "flix-360.sync_queue" does not exist at position 2:17 (42P01)
2026/09/09 16:51:53 Error buscando trabajos pendientes: pq: relation "flix-360.sync_queue" does not exist at position 2:17 (42P01)
2026/09/09 16:52:03 Error buscando trabajos pendientes: pq: relation "flix-360.sync_queue" does not exist at position 2:17 (42P01)
2026/09/09 16:52:13 Error buscando trabajos pendientes: pq: relation "flix-360.sync_queue" does not exist at position 2:17 (42P01)
2026/09/09 16:52:23 Error buscando trabajos pendientes: pq: relation "flix-360.sync_queue" does not exist at position 2:17 (42P01)
2026/09/09 16:52:33 Error buscando trabajos pendientes: pq: relation "flix-360.sync_queue" does not exist at position 2:17 (42P01)
2026/09/09 16:52:43 Error buscando trabajos pendientes: pq: relation "flix-360.sync_queue" does not exist at position 2:17 (42P01)
2026/09/09 16:52:53 Error buscando trabajos pendientes: pq: relation "flix-360.sync_queue" does not exist at position 2:17 (42P01)
2026/09/09 16:53:03 Error buscando trabajos pendientes: pq: relation "flix-360.sync_queue" does not exist at position 2:17 (42P01)
2026/09/09 16:53:13 Error buscando trabajos pendientes: pq: relation "flix-360.sync_queue" does not exist at position 2:17 (42P01)
2026/09/09 16:53:23 Error buscando trabajos pendientes: pq: relation "flix-360.sync_queue" does not exist at position 2:17 (42P01)
2026/09/09 16:53:33 Error buscando trabajos pendientes: pq: relation "flix-360.sync_queue" does not exist at position 2:17 (42P01)
2026/09/09 16:53:43 Error buscando trabajos pendientes: pq: relation "flix-360.sync_queue" does not exist at position 2:17 (42P01)
2026/09/09 16:53:53 Error buscando trabajos pendientes: pq: relation "flix-360.sync_queue" does not exist at position 2:17 (42P01)
2026/09/09 16:54:03 Error buscando trabajos pendientes: pq: relation "flix-360.sync_queue" does not exist at position 2:17 (42P01)
2026/09/09 16:54:13 Error buscando trabajos pendientes: pq: relation "flix-360.sync_queue" does not exist at position 2:17 (42P01)
2026/09/09 16:54:23 Error buscando trabajos pendientes: pq: relation "flix-360.sync_queue" does not exist at position 2:17 (42P01)
2026/09/09 16:54:33 Error buscando trabajos pendientes: pq: relation "flix-360.sync_queue" does not exist at position 2:17 (42P01)
2026/09/09 16:54:43 Error buscando trabajos pendientes: pq: relation "flix-360.sync_queue" does not exist at position 2:17 (42P01)
2026/09/09 16:54:53 Error buscando trabajos pendientes: pq: relation "flix-360.sync_queue" does not exist at position 2:17 (42P01)
2026/09/09 16:55:03 Error buscando trabajos pendientes: pq: relation "flix-360.sync_queue" does not exist at position 2:17 (42P01)
2026/09/09 16:55:13 Error buscando trabajos pendientes: pq: relation "flix-360.sync_queue" does not exist at position 2:17 (42P01)
2026/09/09 16:55:23 Error buscando trabajos pendientes: pq: relation "flix-360.sync_queue" does not exist at position 2:17 (42P01)
2026/09/09 16:55:33 Error buscando trabajos pendientes: pq: relation "flix-360.sync_queue" does not exist at position 2:17 (42P01)
2026/09/09 16:55:43 Error buscando trabajos pendientes: pq: relation "flix-360.sync_queue" does not exist at position 2:17 (42P01)
2026/09/09 16:55:53 Error buscando trabajos pendientes: pq: relation "flix-360.sync_queue" does not exist at position 2:17 (42P01)
2026/09/09 16:56:03 Error buscando trabajos pendientes: pq: relation "flix-360.sync_queue" does not exist at position 2:17 (42P01)
2026/09/09 16:56:13 Error buscando trabajos pendientes: pq: relation "flix-360.sync_queue" does not exist at position 2:17 (42P01)
2026/09/09 16:56:23 Error buscando trabajos pendientes: pq: relation "flix-360.sync_queue" does not exist at position 2:17 (42P01)
2026/09/09 16:56:33 Error buscando trabajos pendientes: pq: relation "flix-360.sync_queue" does not exist at position 2:17 (42P01)
2026/09/09 16:56:43 Error buscando trabajos pendientes: pq: relation "flix-360.sync_queue" does not exist at position 2:17 (42P01)
2026/09/09 16:56:53 Error buscando trabajos pendientes: pq: relation "flix-360.sync_queue" does not exist at position 2:17 (42P01)
2026/09/09 16:57:03 Error buscando trabajos pendientes: pq: relation "flix-360.sync_queue" does not exist at position 2:17 (42P01)
2026/09/09 16:57:13 Error buscando trabajos pendientes: pq: relation "flix-360.sync_queue" does not exist at position 2:17 (42P01)
2026/09/09 16:57:23 Error buscando trabajos pendientes: pq: relation "flix-360.sync_queue" does not exist at position 2:17 (42P01)
2026/09/09 16:57:33 Error buscando trabajos pendientes: pq: relation "flix-360.sync_queue" does not exist at position 2:17 (42P01)
2026/09/09 16:57:43 Error buscando trabajos pendientes: pq: relation "flix-360.sync_queue" does not exist at position 2:17 (42P01)
2026/09/09 16:57:53 Error buscando trabajos pendientes: pq: relation "flix-360.sync_queue" does not exist at position 2:17 (42P01)
2026/09/09 16:58:03 Error buscando trabajos pendientes: pq: relation "flix-360.sync_queue" does not exist at position 2:17 (42P01)
2026/09/09 16:58:13 Error buscando trabajos pendientes: pq: relation "flix-360.sync_queue" does not exist at position 2:17 (42P01)
2026/09/09 16:58:23 Error buscando trabajos pendientes: pq: relation "flix-360.sync_queue" does not exist at position 2:17 (42P01)
2026/09/09 16:58:33 Error buscando trabajos pendientes: pq: relation "flix-360.sync_queue" does not exist at position 2:17 (42P01)
2026/09/09 16:58:43 Error buscando trabajos pendientes: pq: relation "flix-360.sync_queue" does not exist at position 2:17 (42P01)
2026/09/09 16:58:53 Error buscando trabajos pendientes: pq: relation "flix-360.sync_queue" does not exist at position 2:17 (42P01)
2026/09/09 16:59:03 Error buscando trabajos pendientes: pq: relation "flix-360.sync_queue" does not exist at position 2:17 (42P01)
2026/09/09 16:59:13 Error buscando trabajos pendientes: pq: relation "flix-360.sync_queue" does not exist at position 2:17 (42P01)
2026/09/09 16:59:23 Error buscando trabajos pendientes: pq: relation "flix-360.sync_queue" does not exist at position 2:17 (42P01)
2026/09/09 16:59:33 Error buscando trabajos pendientes: pq: relation "flix-360.sync_queue" does not exist at position 2:17 (42P01)
2026/09/09 16:59:43 Error buscando trabajos pendientes: pq: relation "flix-360.sync_queue" does not exist at position 2:17 (42P01)
2026/09/09 16:59:53 Error buscando trabajos pendientes: pq: relation "flix-360.sync_queue" does not exist at position 2:17 (42P01)
2026/09/09 17:00:03 Error buscando trabajos pendientes: pq: relation "flix-360.sync_queue" does not exist at position 2:17 (42P01)
2026/09/09 17:00:13 Error buscando trabajos pendientes: pq: relation "flix-360.sync_queue" does not exist at position 2:17 (42P01)
2026/09/09 17:00:23 Error buscando trabajos pendientes: pq: relation "flix-360.sync_queue" does not exist at position 2:17 (42P01)
2026/09/09 17:00:33 Error buscando trabajos pendientes: pq: relation "flix-360.sync_queue" does not exist at position 2:17 (42P01)
2026/09/09 17:00:43 Error buscando trabajos pendientes: pq: relation "flix-360.sync_queue" does not exist at position 2:17 (42P01)
2026/09/09 17:00:53 Error buscando trabajos pendientes: pq: relation "flix-360.sync_queue" does not exist at position 2:17 (42P01)
2026/09/09 17:01:03 Error buscando trabajos pendientes: pq: relation "flix-360.sync_queue" does not exist at position 2:17 (42P01)
2026/09/09 17:01:13 Error buscando trabajos pendientes: pq: relation "flix-360.sync_queue" does not exist at position 2:17 (42P01)
2026/09/09 17:01:23 Error buscando trabajos pendientes: pq: relation "flix-360.sync_queue" does not exist at position 2:17 (42P01)
2026/09/09 17:01:33 Error buscando trabajos pendientes: pq: relation "flix-360.sync_queue" does not exist at position 2:17 (42P01)
2026/09/09 17:01:43 Error buscando trabajos pendientes: pq: relation "flix-360.sync_queue" does not exist at position 2:17 (42P01)
2026/09/09 17:01:53 Error buscando trabajos pendientes: pq: relation "flix-360.sync_queue" does not exist at position 2:17 (42P01)
2026/09/09 17:02:03 Error buscando trabajos pendientes: pq: relation "flix-360.sync_queue" does not exist at position 2:17 (42P01)
2026/09/09 17:02:13 Error buscando trabajos pendientes: pq: relation "flix-360.sync_queue" does not exist at position 2:17 (42P01)
2026/09/09 17:02:23 Error buscando trabajos pendientes: pq: relation "flix-360.sync_queue" does not exist at position 2:17 (42P01)
2026/09/09 17:02:33 Error buscando trabajos pendientes: pq: relation "flix-360.sync_queue" does not exist at position 2:17 (42P01)
2026/09/09 17:02:43 Error buscando trabajos pendientes: pq: relation "flix-360.sync_queue" does not exist at position 2:17 (42P01)
2026/09/09 17:02:53 Error buscando trabajos pendientes: pq: relation "flix-360.sync_queue" does not exist at position 2:17 (42P01)
2026/09/09 17:03:03 Error buscando trabajos pendientes: pq: relation "flix-360.sync_queue" does not exist at position 2:17 (42P01)
2026/09/09 17:03:13 Error buscando trabajos pendientes: pq: relation "flix-360.sync_queue" does not exist at position 2:17 (42P01)
2026/09/09 17:03:23 Error buscando trabajos pendientes: pq: relation "flix-360.sync_queue" does not exist at position 2:17 (42P01)
2026/09/09 17:03:33 Error buscando trabajos pendientes: pq: relation "flix-360.sync_queue" does not exist at position 2:17 (42P01)
2026/09/09 17:03:43 Error buscando trabajos pendientes: pq: relation "flix-360.sync_queue" does not exist at position 2:17 (42P01)
2026/09/09 17:03:53 Error buscando trabajos pendientes: pq: relation "flix-360.sync_queue" does not exist at position 2:17 (42P01)
2026/09/09 17:04:03 Error buscando trabajos pendientes: pq: relation "flix-360.sync_queue" does not exist at position 2:17 (42P01)
2026/09/09 17:04:13 Error buscando trabajos pendientes: pq: relation "flix-360.sync_queue" does not exist at position 2:17 (42P01)
2026/09/09 17:04:23 Error buscando trabajos pendientes: pq: relation "flix-360.sync_queue" does not exist at position 2:17 (42P01)
2026/09/09 17:04:33 Error buscando trabajos pendientes: pq: relation "flix-360.sync_queue" does not exist at position 2:17 (42P01)
2026/09/09 17:04:43 Error buscando trabajos pendientes: pq: relation "flix-360.sync_queue" does not exist at position 2:17 (42P01)
2026/09/09 17:04:53 Error buscando trabajos pendientes: pq: relation "flix-360.sync_queue" does not exist at position 2:17 (42P01)
2026/09/09 17:05:03 Error buscando trabajos pendientes: pq: relation "flix-360.sync_queue" does not exist at position 2:17 (42P01)
2026/09/09 17:05:13 Error buscando trabajos pendientes: pq: relation "flix-360.sync_queue" does not exist at position 2:17 (42P01)
2026/09/09 17:05:23 Error buscando trabajos pendientes: pq: relation "flix-360.sync_queue" does not exist at position 2:17 (42P01)
2026/09/09 17:05:33 Error buscando trabajos pendientes: pq: relation "flix-360.sync_queue" does not exist at position 2:17 (42P01)
2026/09/09 17:05:43 Error buscando trabajos pendientes: pq: relation "flix-360.sync_queue" does not exist at position 2:17 (42P01)
2026/09/09 17:05:53 Error buscando trabajos pendientes: pq: relation "flix-360.sync_queue" does not exist at position 2:17 (42P01)
2026/09/09 17:06:03 Error buscando trabajos pendientes: pq: relation "flix-360.sync_queue" does not exist at position 2:17 (42P01)
2026/09/09 17:06:13 Error buscando trabajos pendientes: pq: relation "flix-360.sync_queue" does not exist at position 2:17 (42P01)
2026/09/09 17:06:23 Error buscando trabajos pendientes: pq: relation "flix-360.sync_queue" does not exist at position 2:17 (42P01)
2026/09/09 17:06:33 Error buscando trabajos pendientes: pq: relation "flix-360.sync_queue" does not exist at position 2:17 (42P01)
2026/09/09 17:06:43 Error buscando trabajos pendientes: pq: relation "flix-360.sync_queue" does not exist at position 2:17 (42P01)
2026/09/09 17:06:53 Error buscando trabajos pendientes: pq: relation "flix-360.sync_queue" does not exist at position 2:17 (42P01)
2026/09/09 17:07:03 Error buscando trabajos pendientes: pq: relation "flix-360.sync_queue" does not exist at position 2:17 (42P01)
2026/09/09 17:07:13 Error buscando trabajos pendientes: pq: relation "flix-360.sync_queue" does not exist at position 2:17 (42P01)
2026/09/09 17:07:23 Error buscando trabajos pendientes: pq: relation "flix-360.sync_queue" does not exist at position 2:17 (42P01)
2026/09/09 17:07:33 Error buscando trabajos pendientes: pq: relation "flix-360.sync_queue" does not exist at position 2:17 (42P01)
2026/09/09 17:07:43 Error buscando trabajos pendientes: pq: relation "flix-360.sync_queue" does not exist at position 2:17 (42P01)
2026/09/09 17:07:53 Error buscando trabajos pendientes: pq: relation "flix-360.sync_queue" does not exist at position 2:17 (42P01)
2026/09/09 17:08:03 Error buscando trabajos pendientes: pq: relation "flix-360.sync_queue" does not exist at position 2:17 (42P01)
2026/09/09 17:08:13 Error buscando trabajos pendientes: pq: relation "flix-360.sync_queue" does not exist at position 2:17 (42P01)
2026/09/09 17:08:23 Error buscando trabajos pendientes: pq: relation "flix-360.sync_queue" does not exist at position 2:17 (42P01)
2026/09/09 17:08:33 Error buscando trabajos pendientes: pq: relation "flix-360.sync_queue" does not exist at position 2:17 (42P01)
2026/09/09 17:08:43 Error buscando trabajos pendientes: pq: relation "flix-360.sync_queue" does not exist at position 2:17 (42P01)
2026/09/09 17:08:53 Error buscando trabajos pendientes: pq: relation "flix-360.sync_queue" does not exist at position 2:17 (42P01)
2026/09/09 17:09:03 Error buscando trabajos pendientes: pq: relation "flix-360.sync_queue" does not exist at position 2:17 (42P01)
2026/09/09 17:09:13 Error buscando trabajos pendientes: pq: relation "flix-360.sync_queue" does not exist at position 2:17 (42P01)
2026/09/09 17:09:23 Error buscando trabajos pendientes: pq: relation "flix-360.sync_queue" does not exist at position 2:17 (42P01)
2026/09/09 17:09:33 Error buscando trabajos pendientes: pq: relation "flix-360.sync_queue" does not exist at position 2:17 (42P01)
2026/09/09 17:09:43 Error buscando trabajos pendientes: pq: relation "flix-360.sync_queue" does not exist at position 2:17 (42P01)
2026/09/09 17:09:53 Error buscando trabajos pendientes: pq: relation "flix-360.sync_queue" does not exist at position 2:17 (42P01)
2026/09/09 17:10:03 Error buscando trabajos pendientes: pq: relation "flix-360.sync_queue" does not exist at position 2:17 (42P01)
2026/09/09 17:10:13 Error buscando trabajos pendientes: pq: relation "flix-360.sync_queue" does not exist at position 2:17 (42P01)
2026/09/09 17:10:23 Error buscando trabajos pendientes: pq: relation "flix-360.sync_queue" does not exist at position 2:17 (42P01)
2026/09/09 17:10:33 Error buscando trabajos pendientes: pq: relation "flix-360.sync_queue" does not exist at position 2:17 (42P01)
2026/09/09 17:10:43 Error buscando trabajos pendientes: pq: relation "flix-360.sync_queue" does not exist at position 2:17 (42P01)
2026/09/09 17:10:53 Error buscando trabajos pendientes: pq: relation "flix-360.sync_queue" does not exist at position 2:17 (42P01)
2026/09/09 17:11:03 Error buscando trabajos pendientes: pq: relation "flix-360.sync_queue" does not exist at position 2:17 (42P01)
2026/09/09 17:11:13 Error buscando trabajos pendientes: pq: relation "flix-360.sync_queue" does not exist at position 2:17 (42P01)
2026/09/09 17:11:23 Error buscando trabajos pendientes: pq: relation "flix-360.sync_queue" does not exist at position 2:17 (42P01)
2026/09/09 17:11:33 Error buscando trabajos pendientes: pq: relation "flix-360.sync_queue" does not exist at position 2:17 (42P01)
2026/09/09 17:11:43 Error buscando trabajos pendientes: pq: relation "flix-360.sync_queue" does not exist at position 2:17 (42P01)
2026/09/09 17:11:53 Error buscando trabajos pendientes: pq: relation "flix-360.sync_queue" does not exist at position 2:17 (42P01)
2026/09/09 17:12:03 Error buscando trabajos pendientes: pq: relation "flix-360.sync_queue" does not exist at position 2:17 (42P01)
2026/09/09 17:12:13 Error buscando trabajos pendientes: pq: relation "flix-360.sync_queue" does not exist at position 2:17 (42P01)
2026/09/09 17:12:23 Error buscando trabajos pendientes: pq: relation "flix-360.sync_queue" does not exist at position 2:17 (42P01)
2026/09/09 17:12:33 Error buscando trabajos pendientes: pq: relation "flix-360.sync_queue" does not exist at position 2:17 (42P01)
2026/09/09 17:12:43 Error buscando trabajos pendientes: pq: relation "flix-360.sync_queue" does not exist at position 2:17 (42P01)
2026/09/09 17:12:53 Error buscando trabajos pendientes: pq: relation "flix-360.sync_queue" does not exist at position 2:17 (42P01)
2026/09/09 17:13:03 Error buscando trabajos pendientes: pq: relation "flix-360.sync_queue" does not exist at position 2:17 (42P01)
2026/09/09 17:13:13 Error buscando trabajos pendientes: pq: relation "flix-360.sync_queue" does not exist at position 2:17 (42P01)
2026/09/09 17:13:23 Error buscando trabajos pendientes: pq: relation "flix-360.sync_queue" does not exist at position 2:17 (42P01)
2026/09/09 17:13:33 Error buscando trabajos pendientes: pq: relation "flix-360.sync_queue" does not exist at position 2:17 (42P01)
2026/09/09 17:13:43 Error buscando trabajos pendientes: pq: relation "flix-360.sync_queue" does not exist at position 2:17 (42P01)
2026/09/09 17:13:53 Error buscando trabajos pendientes: pq: relation "flix-360.sync_queue" does not exist at position 2:17 (42P01)
2026/09/09 17:14:03 Error buscando trabajos pendientes: pq: relation "flix-360.sync_queue" does not exist at position 2:17 (42P01)
2026/09/09 17:14:13 Error buscando trabajos pendientes: pq: relation "flix-360.sync_queue" does not exist at position 2:17 (42P01)
2026/09/09 17:14:23 Error buscando trabajos pendientes: pq: relation "flix-360.sync_queue" does not exist at position 2:17 (42P01)
2026/09/09 17:14:33 Error buscando trabajos pendientes: pq: relation "flix-360.sync_queue" does not exist at position 2:17 (42P01)
2026/09/09 17:14:43 Error buscando trabajos pendientes: pq: relation "flix-360.sync_queue" does not exist at position 2:17 (42P01)
2026/09/09 17:14:53 Error buscando trabajos pendientes: pq: relation "flix-360.sync_queue" does not exist at position 2:17 (42P01)
2026/09/09 17:15:03 Error buscando trabajos pendientes: pq: relation "flix-360.sync_queue" does not exist at position 2:17 (42P01)
2026/09/09 17:15:13 Error buscando trabajos pendientes: pq: relation "flix-360.sync_queue" does not exist at position 2:17 (42P01)
2026/09/09 17:15:23 Error buscando trabajos pendientes: pq: relation "flix-360.sync_queue" does not exist at position 2:17 (42P01)
2026/09/09 17:15:33 Error buscando trabajos pendientes: pq: relation "flix-360.sync_queue" does not exist at position 2:17 (42P01)
2026/09/10 10:46:30 ❌ Error conectando a la base de datos: dial tcp 127.0.0.1:5433: connect: connection refused
2026/09/10 10:46:41 ✅ Conexión exitosa a la base de datos PostgreSQL
2026/09/10 10:46:41 🚀 Sincronizador Offline iniciado en segundo plano...
2026/09/10 10:46:41 🚀 Servidor corriendo en http://localhost:8590
2026/09/10 10:46:51 Error buscando trabajos pendientes: pq: relation "flix-360.sync_queue" does not exist at position 2:17 (42P01)
2026/09/10 10:47:01 Error buscando trabajos pendientes: pq: relation "flix-360.sync_queue" does not exist at position 2:17 (42P01)
2026/09/10 10:47:11 Error buscando trabajos pendientes: pq: relation "flix-360.sync_queue" does not exist at position 2:17 (42P01)
2026/09/10 10:47:21 Error buscando trabajos pendientes: pq: relation "flix-360.sync_queue" does not exist at position 2:17 (42P01)
2026/09/10 10:48:33 ✅ Conexión exitosa a la base de datos PostgreSQL
2026/09/10 10:48:33 🚀 Sincronizador Offline iniciado en segundo plano...
2026/09/10 10:48:33 🚀 Servidor corriendo en http://localhost:8590
2026/09/10 10:48:43 Error buscando trabajos pendientes: pq: relation "flix-360.sync_queue" does not exist at position 2:17 (42P01)
2026/09/10 10:48:53 Error buscando trabajos pendientes: pq: relation "flix-360.sync_queue" does not exist at position 2:17 (42P01)
2026/09/10 10:49:03 Error buscando trabajos pendientes: pq: relation "flix-360.sync_queue" does not exist at position 2:17 (42P01)
2026/09/10 10:49:13 Error buscando trabajos pendientes: pq: relation "flix-360.sync_queue" does not exist at position 2:17 (42P01)
2026/09/10 10:49:23 Error buscando trabajos pendientes: pq: relation "flix-360.sync_queue" does not exist at position 2:17 (42P01)
2026/09/10 10:49:33 Error buscando trabajos pendientes: pq: relation "flix-360.sync_queue" does not exist at position 2:17 (42P01)
2026/09/10 10:49:43 Error buscando trabajos pendientes: pq: relation "flix-360.sync_queue" does not exist at position 2:17 (42P01)
2026/09/10 10:49:53 Error buscando trabajos pendientes: pq: relation "flix-360.sync_queue" does not exist at position 2:17 (42P01)
2026/09/10 10:50:03 Error buscando trabajos pendientes: pq: relation "flix-360.sync_queue" does not exist at position 2:17 (42P01)
2026/09/10 10:50:13 Error buscando trabajos pendientes: pq: relation "flix-360.sync_queue" does not exist at position 2:17 (42P01)
2026/09/10 10:50:23 Error buscando trabajos pendientes: pq: relation "flix-360.sync_queue" does not exist at position 2:17 (42P01)
2026/09/10 10:50:33 Error buscando trabajos pendientes: pq: relation "flix-360.sync_queue" does not exist at position 2:17 (42P01)
2026/09/10 10:50:43 Error buscando trabajos pendientes: pq: relation "flix-360.sync_queue" does not exist at position 2:17 (42P01)
2026/09/10 10:50:53 Error buscando trabajos pendientes: pq: relation "flix-360.sync_queue" does not exist at position 2:17 (42P01)
2026/09/10 10:51:03 Error buscando trabajos pendientes: pq: relation "flix-360.sync_queue" does not exist at position 2:17 (42P01)
2026/09/10 10:51:13 Error buscando trabajos pendientes: pq: relation "flix-360.sync_queue" does not exist at position 2:17 (42P01)
2026/09/10 10:51:23 Error buscando trabajos pendientes: pq: relation "flix-360.sync_queue" does not exist at position 2:17 (42P01)
2026/09/10 10:51:33 Error buscando trabajos pendientes: pq: relation "flix-360.sync_queue" does not exist at position 2:17 (42P01)
2026/09/10 10:51:43 Error buscando trabajos pendientes: pq: relation "flix-360.sync_queue" does not exist at position 2:17 (42P01)
2026/09/10 10:51:53 Error buscando trabajos pendientes: pq: relation "flix-360.sync_queue" does not exist at position 2:17 (42P01)
2026/09/10 10:52:03 Error buscando trabajos pendientes: pq: relation "flix-360.sync_queue" does not exist at position 2:17 (42P01)
2026/09/10 10:52:13 Error buscando trabajos pendientes: pq: relation "flix-360.sync_queue" does not exist at position 2:17 (42P01)
2026/09/10 10:52:23 Error buscando trabajos pendientes: pq: relation "flix-360.sync_queue" does not exist at position 2:17 (42P01)
2026/09/10 10:52:33 Error buscando trabajos pendientes: pq: relation "flix-360.sync_queue" does not exist at position 2:17 (42P01)
2026/09/10 10:52:43 Error buscando trabajos pendientes: pq: relation "flix-360.sync_queue" does not exist at position 2:17 (42P01)
2026/09/10 10:52:53 Error buscando trabajos pendientes: pq: relation "flix-360.sync_queue" does not exist at position 2:17 (42P01)
2026/09/10 10:53:03 Error buscando trabajos pendientes: pq: relation "flix-360.sync_queue" does not exist at position 2:17 (42P01)
2026/09/10 10:53:13 Error buscando trabajos pendientes: pq: relation "flix-360.sync_queue" does not exist at position 2:17 (42P01)
2026/09/10 10:53:23 Error buscando trabajos pendientes: pq: relation "flix-360.sync_queue" does not exist at position 2:17 (42P01)
2026/09/10 10:53:33 Error buscando trabajos pendientes: pq: relation "flix-360.sync_queue" does not exist at position 2:17 (42P01)
2026/09/10 10:53:43 Error buscando trabajos pendientes: pq: relation "flix-360.sync_queue" does not exist at position 2:17 (42P01)
2026/09/10 10:53:53 Error buscando trabajos pendientes: pq: relation "flix-360.sync_queue" does not exist at position 2:17 (42P01)
2026/09/10 10:54:03 Error buscando trabajos pendientes: pq: relation "flix-360.sync_queue" does not exist at position 2:17 (42P01)
2026/09/10 10:54:13 Error buscando trabajos pendientes: pq: relation "flix-360.sync_queue" does not exist at position 2:17 (42P01)
2026/09/10 10:54:23 Error buscando trabajos pendientes: pq: relation "flix-360.sync_queue" does not exist at position 2:17 (42P01)
2026/09/10 10:54:33 Error buscando trabajos pendientes: pq: relation "flix-360.sync_queue" does not exist at position 2:17 (42P01)
2026/09/10 10:54:43 Error buscando trabajos pendientes: pq: relation "flix-360.sync_queue" does not exist at position 2:17 (42P01)
2026/09/10 10:54:53 Error buscando trabajos pendientes: pq: relation "flix-360.sync_queue" does not exist at position 2:17 (42P01)
2026/09/10 10:55:03 Error buscando trabajos pendientes: pq: relation "flix-360.sync_queue" does not exist at position 2:17 (42P01)
2026/09/10 10:55:13 Error buscando trabajos pendientes: pq: relation "flix-360.sync_queue" does not exist at position 2:17 (42P01)
2026/09/10 10:55:23 Error buscando trabajos pendientes: pq: relation "flix-360.sync_queue" does not exist at position 2:17 (42P01)
2026/09/10 10:55:33 Error buscando trabajos pendientes: pq: relation "flix-360.sync_queue" does not exist at position 2:17 (42P01)
2026/09/10 10:55:43 Error buscando trabajos pendientes: pq: relation "flix-360.sync_queue" does not exist at position 2:17 (42P01)
2026/09/10 10:55:53 Error buscando trabajos pendientes: pq: relation "flix-360.sync_queue" does not exist at position 2:17 (42P01)
2026/09/10 10:56:03 Error buscando trabajos pendientes: pq: relation "flix-360.sync_queue" does not exist at position 2:17 (42P01)
2026/09/10 10:56:13 Error buscando trabajos pendientes: pq: relation "flix-360.sync_queue" does not exist at position 2:17 (42P01)
2026/09/10 10:56:23 Error buscando trabajos pendientes: pq: relation "flix-360.sync_queue" does not exist at position 2:17 (42P01)
2026/09/10 10:56:33 Error buscando trabajos pendientes: pq: relation "flix-360.sync_queue" does not exist at position 2:17 (42P01)
2026/09/10 10:56:43 Error buscando trabajos pendientes: pq: relation "flix-360.sync_queue" does not exist at position 2:17 (42P01)
2026/09/10 10:56:53 Error buscando trabajos pendientes: pq: relation "flix-360.sync_queue" does not exist at position 2:17 (42P01)
2026/09/10 10:57:03 Error buscando trabajos pendientes: pq: relation "flix-360.sync_queue" does not exist at position 2:17 (42P01)
2026/09/10 10:57:13 Error buscando trabajos pendientes: pq: relation "flix-360.sync_queue" does not exist at position 2:17 (42P01)
2026/09/10 10:57:23 Error buscando trabajos pendientes: pq: relation "flix-360.sync_queue" does not exist at position 2:17 (42P01)
2026/09/10 11:05:07 ✅ Conexión exitosa a la base de datos PostgreSQL
2026/09/10 11:05:07 🚀 Sincronizador Offline iniciado en segundo plano...
2026/09/10 11:05:07 🚀 Servidor corriendo en http://localhost:8590
2026/09/10 14:59:25 ✅ Conexión exitosa a la base de datos PostgreSQL
2026/09/10 14:59:25 🚀 Sincronizador Offline iniciado en segundo plano...
2026/09/10 14:59:25 🚀 Servidor corriendo en http://localhost:8590
2026/09/10 15:12:24 ✅ Conexión exitosa a la base de datos PostgreSQL
2026/09/10 15:12:24 🚀 Sincronizador Offline iniciado en segundo plano...
2026/09/10 15:12:24 🚀 Servidor corriendo en http://localhost:8590
2026/09/10 15:18:00 ✅ Conexión exitosa a la base de datos PostgreSQL
2026/09/10 15:18:00 🚀 Sincronizador Offline iniciado en segundo plano...
2026/09/10 15:18:00 🚀 Servidor corriendo en http://localhost:8590
2026/09/11 07:04:29 ❌ Error conectando a la base de datos: dial tcp 127.0.0.1:5433: connect: connection refused
2026/09/11 07:04:39 ✅ Conexión exitosa a la base de datos PostgreSQL
2026/09/11 07:04:39 🚀 Sincronizador Offline iniciado en segundo plano...
2026/09/11 07:04:39 🚀 Servidor corriendo en http://localhost:8590
2026/09/11 07:56:34 ✅ Conexión exitosa a la base de datos PostgreSQL
2026/09/11 07:56:34 🚀 Sincronizador Offline iniciado en segundo plano...
2026/09/11 07:56:34 🚀 Servidor corriendo en http://localhost:8590
2026/09/11 08:06:12 ✅ Conexión exitosa a la base de datos PostgreSQL
2026/09/11 08:06:12 🚀 Sincronizador Offline iniciado en segundo plano...
2026/09/11 08:06:12 🚀 Servidor corriendo en http://localhost:8590
2026/09/11 08:29:59 ✅ Conexión exitosa a la base de datos PostgreSQL
2026/09/11 08:29:59 🚀 Sincronizador Offline iniciado en segundo plano...
2026/09/11 08:29:59 🚀 Servidor corriendo en http://localhost:8590
2026/09/14 15:46:07 ✅ Conexión exitosa a la base de datos PostgreSQL
2026/09/14 15:46:07 🚀 Sincronizador Offline iniciado en segundo plano...
2026/09/14 15:46:07 🚀 Servidor corriendo en http://localhost:8590
2026/09/14 15:50:13 ✅ Conexión exitosa a la base de datos PostgreSQL
2026/09/14 15:50:13 🚀 Sincronizador Offline iniciado en segundo plano...
2026/09/14 15:50:13 🚀 Servidor corriendo en http://localhost:8590
2026/09/14 16:15:47 ✅ Conexión exitosa a la base de datos PostgreSQL
2026/09/14 16:15:47 🚀 Sincronizador Offline iniciado en segundo plano...
2026/09/14 16:15:47 🚀 Servidor corriendo en http://localhost:8590
2026/09/15 08:27:45 ❌ Error conectando a la base de datos: dial tcp 127.0.0.1:5433: connect: connection refused
2026/09/15 10:48:50 ✅ Conexión exitosa a la base de datos PostgreSQL
2026/09/15 10:48:50 🚀 Sincronizador Offline iniciado en segundo plano...
2026/09/15 10:48:50 🚀 Servidor corriendo en http://localhost:8590
2026/09/15 12:20:45 ✅ Conexión exitosa a la base de datos PostgreSQL
2026/09/15 12:20:45 🚀 Sincronizador Offline iniciado en segundo plano...
2026/09/15 12:20:45 🚀 Servidor corriendo en http://localhost:8590
2026/09/15 14:35:59 ✅ Conexión exitosa a la base de datos PostgreSQL
2026/09/15 14:35:59 🚀 Sincronizador Offline iniciado en segundo plano...
2026/09/15 14:35:59 🚀 Servidor corriendo en http://localhost:8590
2026/09/15 15:53:44 ✅ Conexión exitosa a la base de datos PostgreSQL
2026/09/15 15:53:44 🚀 Sincronizador Offline iniciado en segundo plano...
2026/09/15 15:53:44 🚀 Servidor corriendo en http://localhost:8590
2026/09/15 17:54:32 ✅ Conexión exitosa a la base de datos PostgreSQL
2026/09/15 17:54:32 🚀 Sincronizador Offline iniciado en segundo plano...
2026/09/15 17:54:32 🚀 Servidor corriendo en http://localhost:8590
2026/09/15 18:57:04 ✅ Conexión exitosa a la base de datos PostgreSQL
2026/09/15 18:57:04 🚀 Sincronizador Offline iniciado en segundo plano...
2026/09/15 18:57:04 🚀 Servidor corriendo en http://localhost:8590
2026/09/15 19:02:51 ✅ Conexión exitosa a la base de datos PostgreSQL
2026/09/15 19:02:51 🚀 Servidor corriendo en http://localhost:8590
2026/09/15 19:02:51 🚀 Sincronizador Offline iniciado en segundo plano...
2026/09/15 19:18:49 ✅ Conexión exitosa a la base de datos PostgreSQL
2026/09/15 19:18:49 🚀 Sincronizador Offline iniciado en segundo plano...
2026/09/15 19:18:49 🚀 Servidor corriendo en http://localhost:8590
2026/09/17 11:11:37 ✅ Conexión exitosa a la base de datos PostgreSQL
2026/09/17 11:11:37 🚀 Servidor corriendo en http://localhost:8590
2026/09/17 11:11:37 🚀 Sincronizador Offline iniciado en segundo plano...
2026/09/17 11:26:05 ✅ Conexión exitosa a la base de datos PostgreSQL
2026/09/17 11:26:05 🚀 Sincronizador Offline iniciado en segundo plano...
2026/09/17 11:26:05 🚀 Servidor corriendo en http://localhost:8590
2026/09/17 11:42:13 ✅ Conexión exitosa a la base de datos PostgreSQL
2026/09/17 11:42:13 🚀 Sincronizador Offline iniciado en segundo plano...
2026/09/17 11:42:13 🚀 Servidor corriendo en http://localhost:8590
2026/09/17 11:44:11 ✅ Conexión exitosa a la base de datos PostgreSQL
2026/09/17 11:44:11 🚀 Sincronizador Offline iniciado en segundo plano...
2026/09/17 11:44:11 🚀 Servidor corriendo en http://localhost:8590
2026/09/17 11:52:47 ✅ Conexión exitosa a la base de datos PostgreSQL
2026/09/17 11:52:47 🚀 Sincronizador Offline iniciado en segundo plano...
2026/09/17 11:52:47 🚀 Servidor corriendo en http://localhost:8590
2026/09/17 13:47:11 ✅ Conexión exitosa a la base de datos PostgreSQL
2026/09/17 13:47:11 🚀 Sincronizador Offline iniciado en segundo plano...
2026/09/17 13:47:11 🚀 Servidor corriendo en http://localhost:8590
2026/09/17 16:08:57 ✅ Conexión exitosa a la base de datos PostgreSQL
2026/09/17 16:08:57 🚀 Sincronizador Offline iniciado en segundo plano...
2026/09/17 16:08:57 🚀 Servidor corriendo en http://localhost:8590
